<?xml version="1.0" encoding="UTF-8"?>
<testsuites name="jest tests" tests="5" failures="1" time="4.518">
  <testsuite name="classes" errors="0" failures="1" skipped="0" timestamp="2021-05-27T01:21:18" time="2.918" tests="1">
    <testcase classname="classes 接受字符串或对象或字符串数组" name="classes 接受字符串或对象或字符串数组" time="0.009">
      <failure>Error: expect(received).toEqual(expected)

Difference:

- Expected
+ Received

- gsq-button-header-theme1 customClass ripple
+ gsq-button-header gsq-button-theme1 customClass ripple
    at Object.toEqual (C:\Users\ChenL\Desktop\react-ui-template\lib\helpers\__tests__\classes.unit.jsx:38:72)
    at Object.asyncJestTest (C:\Users\ChenL\Desktop\react-ui-template\node_modules\jest-jasmine2\build\jasmineAsyncInstall.js:102:37)
    at C:\Users\ChenL\Desktop\react-ui-template\node_modules\jest-jasmine2\build\queueRunner.js:43:12
    at new Promise (&lt;anonymous&gt;)
    at mapper (C:\Users\ChenL\Desktop\react-ui-template\node_modules\jest-jasmine2\build\queueRunner.js:26:19)
    at C:\Users\ChenL\Desktop\react-ui-template\node_modules\jest-jasmine2\build\queueRunner.js:73:41</failure>
    </testcase>
  </testsuite>
  <testsuite name="icon" errors="0" failures="0" skipped="0" timestamp="2021-05-27T01:21:21" time="0.212" tests="2">
    <testcase classname="icon render successfully" name="icon render successfully" time="0.008">
    </testcase>
    <testcase classname="icon onClick" name="icon onClick" time="0.029">
    </testcase>
  </testsuite>
  <testsuite name="button" errors="0" failures="0" skipped="0" timestamp="2021-05-27T01:21:21" time="0.141" tests="1">
    <testcase classname="button 是个 div" name="button 是个 div" time="0.002">
    </testcase>
  </testsuite>
  <testsuite name="我的第一个测试用例" errors="0" failures="0" skipped="0" timestamp="2021-05-27T01:21:21" time="0.117" tests="1">
    <testcase classname="我的第一个测试用例 add(1,2) 等于3" name="我的第一个测试用例 add(1,2) 等于3" time="0">
    </testcase>
  </testsuite>
</testsuites>